arm classifier   budgets [3, 5, 10, 20, 40]   seeds 3   240 cells in total

budget 3   cosine       COVID-19         seed 0   AUC 0.5114   [1/240  0 min]
budget 3   cosine       COVID-19         seed 1   AUC 0.5641   [2/240  0 min]
budget 3   cosine       COVID-19         seed 2   AUC 0.5780   [3/240  0 min]
budget 3   cosine       Russia-Ukraine   seed 0   AUC 0.5948   [4/240  0 min]
budget 3   cosine       Russia-Ukraine   seed 1   AUC 0.5870   [5/240  0 min]
budget 3   cosine       Russia-Ukraine   seed 2   AUC 0.5774   [6/240  0 min]
budget 3   cosine       Chinese          seed 0   AUC 0.5816   [7/240  0 min]
budget 3   cosine       Chinese          seed 1   AUC 0.6448   [8/240  0 min]
budget 3   cosine       Chinese          seed 2   AUC 0.5567   [9/240  0 min]
budget 3   cosine       Iran 2025        seed 0   AUC 0.5187   [10/240  0 min]
budget 3   cosine       Iran 2025        seed 1   AUC 0.5675   [11/240  0 min]
budget 3   cosine       Iran 2025        seed 2   AUC 0.5147   [12/240  0 min]
budget 3   arctan       COVID-19         seed 0   AUC 0.4955   [13/240  0 min]
budget 3   arctan       COVID-19         seed 1   AUC 0.5421   [14/240  0 min]
budget 3   arctan       COVID-19         seed 2   AUC 0.5345   [15/240  0 min]
budget 3   arctan       Russia-Ukraine   seed 0   AUC 0.3416   [16/240  0 min]
budget 3   arctan       Russia-Ukraine   seed 1   AUC 0.4364   [17/240  0 min]
budget 3   arctan       Russia-Ukraine   seed 2   AUC 0.6730   [18/240  0 min]
budget 3   arctan       Chinese          seed 0   AUC 0.6261   [19/240  1 min]
budget 3   arctan       Chinese          seed 1   AUC 0.6856   [20/240  1 min]
budget 3   arctan       Chinese          seed 2   AUC 0.3628   [21/240  1 min]
budget 3   arctan       Iran 2025        seed 0   AUC 0.4280   [22/240  1 min]
budget 3   arctan       Iran 2025        seed 1   AUC 0.4942   [23/240  1 min]
budget 3   arctan       Iran 2025        seed 2   AUC 0.5750   [24/240  1 min]
budget 3   arccosh      COVID-19         seed 0   AUC 0.4791   [25/240  1 min]
budget 3   arccosh      COVID-19         seed 1   AUC 0.5079   [26/240  1 min]
budget 3   arccosh      COVID-19         seed 2   AUC 0.5455   [27/240  1 min]
budget 3   arccosh      Russia-Ukraine   seed 0   AUC 0.6753   [28/240  1 min]
budget 3   arccosh      Russia-Ukraine   seed 1   AUC 0.6449   [29/240  1 min]
budget 3   arccosh      Russia-Ukraine   seed 2   AUC 0.3344   [30/240  1 min]
budget 3   arccosh      Chinese          seed 0   AUC 0.4430   [31/240  1 min]
budget 3   arccosh      Chinese          seed 1   AUC 0.4775   [32/240  1 min]
budget 3   arccosh      Chinese          seed 2   AUC 0.4392   [33/240  1 min]
budget 3   arccosh      Iran 2025        seed 0   AUC 0.5598   [34/240  1 min]
budget 3   arccosh      Iran 2025        seed 1   AUC 0.5856   [35/240  1 min]
budget 3   arccosh      Iran 2025        seed 2   AUC 0.3766   [36/240  1 min]
budget 3   exponential  COVID-19         seed 0   AUC 0.6132   [37/240  1 min]
budget 3   exponential  COVID-19         seed 1   AUC 0.6283   [38/240  1 min]
budget 3   exponential  COVID-19         seed 2   AUC 0.6502   [39/240  1 min]
budget 3   exponential  Russia-Ukraine   seed 0   AUC 0.6511   [40/240  1 min]
budget 3   exponential  Russia-Ukraine   seed 1   AUC 0.6487   [41/240  1 min]
budget 3   exponential  Russia-Ukraine   seed 2   AUC 0.6404   [42/240  1 min]
budget 3   exponential  Chinese          seed 0   AUC 0.4730   [43/240  1 min]
budget 3   exponential  Chinese          seed 1   AUC 0.5078   [44/240  1 min]
budget 3   exponential  Chinese          seed 2   AUC 0.4783   [45/240  1 min]
budget 3   exponential  Iran 2025        seed 0   AUC 0.6204   [46/240  1 min]
budget 3   exponential  Iran 2025        seed 1   AUC 0.6409   [47/240  1 min]
budget 3   exponential  Iran 2025        seed 2   AUC 0.6145   [48/240  1 min]
budget 5   cosine       COVID-19         seed 0   AUC 0.5511   [49/240  1 min]
budget 5   cosine       COVID-19         seed 1   AUC 0.5735   [50/240  1 min]
budget 5   cosine       COVID-19         seed 2   AUC 0.5929   [51/240  1 min]
budget 5   cosine       Russia-Ukraine   seed 0   AUC 0.5909   [52/240  1 min]
budget 5   cosine       Russia-Ukraine   seed 1   AUC 0.5864   [53/240  1 min]
budget 5   cosine       Russia-Ukraine   seed 2   AUC 0.5953   [54/240  1 min]
budget 5   cosine       Chinese          seed 0   AUC 0.5960   [55/240  1 min]
budget 5   cosine       Chinese          seed 1   AUC 0.6175   [56/240  1 min]
budget 5   cosine       Chinese          seed 2   AUC 0.5916   [57/240  2 min]
budget 5   cosine       Iran 2025        seed 0   AUC 0.5356   [58/240  2 min]
budget 5   cosine       Iran 2025        seed 1   AUC 0.5553   [59/240  2 min]
budget 5   cosine       Iran 2025        seed 2   AUC 0.5430   [60/240  2 min]
budget 5   arctan       COVID-19         seed 0   AUC 0.4972   [61/240  2 min]
budget 5   arctan       COVID-19         seed 1   AUC 0.5249   [62/240  2 min]
budget 5   arctan       COVID-19         seed 2   AUC 0.5396   [63/240  2 min]
budget 5   arctan       Russia-Ukraine   seed 0   AUC 0.3426   [64/240  2 min]
budget 5   arctan       Russia-Ukraine   seed 1   AUC 0.4524   [65/240  2 min]
budget 5   arctan       Russia-Ukraine   seed 2   AUC 0.6810   [66/240  2 min]
budget 5   arctan       Chinese          seed 0   AUC 0.5965   [67/240  2 min]
budget 5   arctan       Chinese          seed 1   AUC 0.5358   [68/240  2 min]
budget 5   arctan       Chinese          seed 2   AUC 0.3805   [69/240  2 min]
budget 5   arctan       Iran 2025        seed 0   AUC 0.4183   [70/240  2 min]
budget 5   arctan       Iran 2025        seed 1   AUC 0.5186   [71/240  2 min]
budget 5   arctan       Iran 2025        seed 2   AUC 0.5615   [72/240  2 min]
budget 5   arccosh      COVID-19         seed 0   AUC 0.5085   [73/240  2 min]
budget 5   arccosh      COVID-19         seed 1   AUC 0.5107   [74/240  2 min]
budget 5   arccosh      COVID-19         seed 2   AUC 0.5221   [75/240  2 min]
budget 5   arccosh      Russia-Ukraine   seed 0   AUC 0.6447   [76/240  2 min]
budget 5   arccosh      Russia-Ukraine   seed 1   AUC 0.6154   [77/240  2 min]
budget 5   arccosh      Russia-Ukraine   seed 2   AUC 0.3761   [78/240  2 min]
budget 5   arccosh      Chinese          seed 0   AUC 0.4520   [79/240  2 min]
budget 5   arccosh      Chinese          seed 1   AUC 0.4581   [80/240  2 min]
budget 5   arccosh      Chinese          seed 2   AUC 0.4565   [81/240  2 min]
budget 5   arccosh      Iran 2025        seed 0   AUC 0.5470   [82/240  2 min]
budget 5   arccosh      Iran 2025        seed 1   AUC 0.5687   [83/240  2 min]
budget 5   arccosh      Iran 2025        seed 2   AUC 0.4984   [84/240  2 min]
budget 5   exponential  COVID-19         seed 0   AUC 0.6392   [85/240  2 min]
budget 5   exponential  COVID-19         seed 1   AUC 0.6290   [86/240  2 min]
budget 5   exponential  COVID-19         seed 2   AUC 0.6531   [87/240  2 min]
budget 5   exponential  Russia-Ukraine   seed 0   AUC 0.6499   [88/240  3 min]
budget 5   exponential  Russia-Ukraine   seed 1   AUC 0.6470   [89/240  3 min]
budget 5   exponential  Russia-Ukraine   seed 2   AUC 0.6486   [90/240  3 min]
budget 5   exponential  Chinese          seed 0   AUC 0.4775   [91/240  3 min]
budget 5   exponential  Chinese          seed 1   AUC 0.4898   [92/240  3 min]
budget 5   exponential  Chinese          seed 2   AUC 0.4908   [93/240  3 min]
budget 5   exponential  Iran 2025        seed 0   AUC 0.6258   [94/240  3 min]
budget 5   exponential  Iran 2025        seed 1   AUC 0.6393   [95/240  3 min]
budget 5   exponential  Iran 2025        seed 2   AUC 0.6264   [96/240  3 min]
budget 10  cosine       COVID-19         seed 0   AUC 0.5910   [97/240  3 min]
budget 10  cosine       COVID-19         seed 1   AUC 0.5945   [98/240  3 min]
budget 10  cosine       COVID-19         seed 2   AUC 0.5893   [99/240  3 min]
budget 10  cosine       Russia-Ukraine   seed 0   AUC 0.5926   [100/240  3 min]
budget 10  cosine       Russia-Ukraine   seed 1   AUC 0.5898   [101/240  3 min]
budget 10  cosine       Russia-Ukraine   seed 2   AUC 0.5992   [102/240  3 min]
budget 10  cosine       Chinese          seed 0   AUC 0.6062   [103/240  3 min]
budget 10  cosine       Chinese          seed 1   AUC 0.6131   [104/240  3 min]
budget 10  cosine       Chinese          seed 2   AUC 0.6100   [105/240  3 min]
budget 10  cosine       Iran 2025        seed 0   AUC 0.5565   [106/240  3 min]
budget 10  cosine       Iran 2025        seed 1   AUC 0.5645   [107/240  3 min]
budget 10  cosine       Iran 2025        seed 2   AUC 0.5752   [108/240  3 min]
budget 10  arctan       COVID-19         seed 0   AUC 0.5151   [109/240  3 min]
budget 10  arctan       COVID-19         seed 1   AUC 0.5166   [110/240  3 min]
budget 10  arctan       COVID-19         seed 2   AUC 0.5342   [111/240  3 min]
budget 10  arctan       Russia-Ukraine   seed 0   AUC 0.3545   [112/240  4 min]
budget 10  arctan       Russia-Ukraine   seed 1   AUC 0.4332   [113/240  4 min]
budget 10  arctan       Russia-Ukraine   seed 2   AUC 0.4130   [114/240  4 min]
budget 10  arctan       Chinese          seed 0   AUC 0.5755   [115/240  4 min]
budget 10  arctan       Chinese          seed 1   AUC 0.5293   [116/240  4 min]
budget 10  arctan       Chinese          seed 2   AUC 0.4469   [117/240  4 min]
budget 10  arctan       Iran 2025        seed 0   AUC 0.4406   [118/240  4 min]
budget 10  arctan       Iran 2025        seed 1   AUC 0.4968   [119/240  4 min]
budget 10  arctan       Iran 2025        seed 2   AUC 0.4463   [120/240  4 min]
budget 10  arccosh      COVID-19         seed 0   AUC 0.5183   [121/240  4 min]
budget 10  arccosh      COVID-19         seed 1   AUC 0.5179   [122/240  4 min]
budget 10  arccosh      COVID-19         seed 2   AUC 0.4983   [123/240  4 min]
budget 10  arccosh      Russia-Ukraine   seed 0   AUC 0.6193   [124/240  4 min]
budget 10  arccosh      Russia-Ukraine   seed 1   AUC 0.5674   [125/240  4 min]
budget 10  arccosh      Russia-Ukraine   seed 2   AUC 0.5344   [126/240  4 min]
found 126 earlier rows; continuing
arm classifier   budgets [3, 5, 10, 20]   seeds 3   192 cells in total

budget 10  arccosh      Chinese          seed 0   AUC 0.4805   [127/192  0 min]
budget 10  arccosh      Chinese          seed 1   AUC 0.4730   [128/192  0 min]
budget 10  arccosh      Chinese          seed 2   AUC 0.4823   [129/192  0 min]
budget 10  arccosh      Iran 2025        seed 0   AUC 0.5250   [130/192  0 min]
budget 10  arccosh      Iran 2025        seed 1   AUC 0.5544   [131/192  0 min]
budget 10  arccosh      Iran 2025        seed 2   AUC 0.5015   [132/192  0 min]
budget 10  exponential  COVID-19         seed 0   AUC 0.6454   [133/192  0 min]
budget 10  exponential  COVID-19         seed 1   AUC 0.6388   [134/192  0 min]
budget 10  exponential  COVID-19         seed 2   AUC 0.6389   [135/192  0 min]
budget 10  exponential  Russia-Ukraine   seed 0   AUC 0.6550   [136/192  0 min]
budget 10  exponential  Russia-Ukraine   seed 1   AUC 0.6533   [137/192  0 min]
budget 10  exponential  Russia-Ukraine   seed 2   AUC 0.6580   [138/192  0 min]
budget 10  exponential  Chinese          seed 0   AUC 0.4774   [139/192  1 min]
budget 10  exponential  Chinese          seed 1   AUC 0.4845   [140/192  1 min]
budget 10  exponential  Chinese          seed 2   AUC 0.4873   [141/192  1 min]
budget 10  exponential  Iran 2025        seed 0   AUC 0.6272   [142/192  1 min]
budget 10  exponential  Iran 2025        seed 1   AUC 0.6400   [143/192  1 min]
budget 10  exponential  Iran 2025        seed 2   AUC 0.6258   [144/192  1 min]
budget 20  cosine       COVID-19         seed 0   AUC 0.5927   [145/192  1 min]
budget 20  cosine       COVID-19         seed 1   AUC 0.5863   [146/192  1 min]
budget 20  cosine       COVID-19         seed 2   AUC 0.5790   [147/192  1 min]
budget 20  cosine       Russia-Ukraine   seed 0   AUC 0.6019   [148/192  1 min]
budget 20  cosine       Russia-Ukraine   seed 1   AUC 0.5960   [149/192  1 min]
budget 20  cosine       Russia-Ukraine   seed 2   AUC 0.5971   [150/192  1 min]
budget 20  cosine       Chinese          seed 0   AUC 0.6116   [151/192  1 min]
budget 20  cosine       Chinese          seed 1   AUC 0.6157   [152/192  1 min]
budget 20  cosine       Chinese          seed 2   AUC 0.6277   [153/192  1 min]
budget 20  cosine       Iran 2025        seed 0   AUC 0.5606   [154/192  1 min]
budget 20  cosine       Iran 2025        seed 1   AUC 0.5673   [155/192  1 min]
budget 20  cosine       Iran 2025        seed 2   AUC 0.5975   [156/192  2 min]
budget 20  arctan       COVID-19         seed 0   AUC 0.5480   [157/192  2 min]
budget 20  arctan       COVID-19         seed 1   AUC 0.5190   [158/192  2 min]
budget 20  arctan       COVID-19         seed 2   AUC 0.5356   [159/192  2 min]
budget 20  arctan       Russia-Ukraine   seed 0   AUC 0.3929   [160/192  2 min]
budget 20  arctan       Russia-Ukraine   seed 1   AUC 0.4386   [161/192  2 min]
budget 20  arctan       Russia-Ukraine   seed 2   AUC 0.4190   [162/192  2 min]
budget 20  arctan       Chinese          seed 0   AUC 0.5986   [163/192  2 min]
budget 20  arctan       Chinese          seed 1   AUC 0.4894   [164/192  2 min]
budget 20  arctan       Chinese          seed 2   AUC 0.5853   [165/192  2 min]
budget 20  arctan       Iran 2025        seed 0   AUC 0.4826   [166/192  2 min]
budget 20  arctan       Iran 2025        seed 1   AUC 0.5124   [167/192  2 min]
budget 20  arctan       Iran 2025        seed 2   AUC 0.4652   [168/192  2 min]
budget 20  arccosh      COVID-19         seed 0   AUC 0.5145   [169/192  2 min]
budget 20  arccosh      COVID-19         seed 1   AUC 0.5143   [170/192  3 min]
budget 20  arccosh      COVID-19         seed 2   AUC 0.4831   [171/192  3 min]
budget 20  arccosh      Russia-Ukraine   seed 0   AUC 0.5371   [172/192  3 min]
budget 20  arccosh      Russia-Ukraine   seed 1   AUC 0.5883   [173/192  3 min]
budget 20  arccosh      Russia-Ukraine   seed 2   AUC 0.5651   [174/192  3 min]
budget 20  arccosh      Chinese          seed 0   AUC 0.5267   [175/192  3 min]
budget 20  arccosh      Chinese          seed 1   AUC 0.5123   [176/192  3 min]
budget 20  arccosh      Chinese          seed 2   AUC 0.5195   [177/192  3 min]
budget 20  arccosh      Iran 2025        seed 0   AUC 0.4186   [178/192  3 min]
budget 20  arccosh      Iran 2025        seed 1   AUC 0.4884   [179/192  3 min]
budget 20  arccosh      Iran 2025        seed 2   AUC 0.4408   [180/192  3 min]
budget 20  exponential  COVID-19         seed 0   AUC 0.6368   [181/192  3 min]
budget 20  exponential  COVID-19         seed 1   AUC 0.6256   [182/192  4 min]
budget 20  exponential  COVID-19         seed 2   AUC 0.6358   [183/192  4 min]
budget 20  exponential  Russia-Ukraine   seed 0   AUC 0.6739   [184/192  4 min]
budget 20  exponential  Russia-Ukraine   seed 1   AUC 0.6673   [185/192  4 min]
budget 20  exponential  Russia-Ukraine   seed 2   AUC 0.6793   [186/192  4 min]
budget 20  exponential  Chinese          seed 0   AUC 0.4753   [187/192  4 min]
budget 20  exponential  Chinese          seed 1   AUC 0.4804   [188/192  4 min]
budget 20  exponential  Chinese          seed 2   AUC 0.4879   [189/192  4 min]
budget 20  exponential  Iran 2025        seed 0   AUC 0.6251   [190/192  4 min]
budget 20  exponential  Iran 2025        seed 1   AUC 0.6401   [191/192  4 min]
budget 20  exponential  Iran 2025        seed 2   AUC 0.6266   [192/192  4 min]

==================================================================================
Mean AUC by budget and mapping
==================================================================================
mapping  cosine  arctan  arccosh  exponential         best  exp_rank
epochs                                                              
3        0.5664  0.5162   0.5057       0.5972  exponential         1
5        0.5774  0.5041   0.5132       0.6014  exponential         1
10       0.5902  0.4752   0.5227       0.6026  exponential         1
20       0.5945  0.4989   0.5091       0.6045  exponential         1

==================================================================================
Does the separation survive a longer budget?
==================================================================================
budget       leader lead over 2nd  seed spread lead/spread
3        exponential       0.0308       0.0608       0.51
5        exponential       0.0239       0.0407       0.59
10       exponential       0.0125       0.0170       0.73
20       exponential       0.0101       0.0170       0.59

  A ratio near or below one means the leader is not separated from
  the runner-up by more than a change of seed produces at the same
  budget. Read the trend down the column, not any single row.

==================================================================================
Where the exponential mapping ranks at each budget
==================================================================================
  budget 3    rank 1 of 4   AUC 0.5972   leader exponential 0.5972
  budget 5    rank 1 of 4   AUC 0.6014   leader exponential 0.6014
  budget 10   rank 1 of 4   AUC 0.6026   leader exponential 0.6026
  budget 20   rank 1 of 4   AUC 0.6045   leader exponential 0.6045

Output file D:\tadgan_gaf\exponential_gaf\encoding_ablation\output\budget_sweep_classifier.csv
BUDGET_DONE
