==============================================================================
What each mapping does to the image, before any model sees it
==============================================================================
             phi_min  phi_max  image_min  image_max  range_used  contrast  dphi_low  dphi_high
cosine           0.0    3.142     -1.000        1.0       1.000     0.464    -7.961     -7.961
arctan           0.0    0.785      0.000        1.0       0.500     0.244     0.999      0.516
arccosh          0.0    1.317     -0.874        1.0       0.937     0.421     5.538      0.590
exponential      0.0    3.142     -1.000        1.0       1.000     0.626     1.889      4.813

  the exponential map is the only one whose angular resolution
  rises with the value it encodes (dphi_low to dphi_high), and it
  produces the highest image contrast of the four

published f-AnoGAN  generator 2822465  critic 2756545  encoder 2821856
compact f-AnoGAN    generator 76049  critic 166625  encoder 74064
classifier          1265

1589 windows per mapping, positive rate 0.471, 4 episodes
epochs 20, classifier epochs 20, seeds 3

probe            cosine       COVID-19         seed 0   AUC 0.6338   [1/240  0 min]
probe            cosine       Russia-Ukraine   seed 0   AUC 0.5219   [2/240  0 min]
probe            cosine       Chinese          seed 0   AUC 0.6025   [3/240  0 min]
probe            cosine       Iran 2025        seed 0   AUC 0.5957   [4/240  0 min]
probe            arctan       COVID-19         seed 0   AUC 0.5191   [5/240  0 min]
probe            arctan       Russia-Ukraine   seed 0   AUC 0.4398   [6/240  0 min]
probe            arctan       Chinese          seed 0   AUC 0.5857   [7/240  0 min]
probe            arctan       Iran 2025        seed 0   AUC 0.4477   [8/240  0 min]
probe            arccosh      COVID-19         seed 0   AUC 0.4268   [9/240  0 min]
probe            arccosh      Russia-Ukraine   seed 0   AUC 0.3617   [10/240  0 min]
probe            arccosh      Chinese          seed 0   AUC 0.4562   [11/240  0 min]
probe            arccosh      Iran 2025        seed 0   AUC 0.4773   [12/240  0 min]
probe            exponential  COVID-19         seed 0   AUC 0.5660   [13/240  0 min]
probe            exponential  Russia-Ukraine   seed 0   AUC 0.4360   [14/240  0 min]
probe            exponential  Chinese          seed 0   AUC 0.5264   [15/240  0 min]
probe            exponential  Iran 2025        seed 0   AUC 0.5575   [16/240  0 min]
mean_distance    cosine       COVID-19         seed 0   AUC 0.6267   [17/240  0 min]
mean_distance    cosine       Russia-Ukraine   seed 0   AUC 0.6113   [18/240  0 min]
mean_distance    cosine       Chinese          seed 0   AUC 0.5060   [19/240  0 min]
mean_distance    cosine       Iran 2025        seed 0   AUC 0.4555   [20/240  0 min]
mean_distance    arctan       COVID-19         seed 0   AUC 0.6171   [21/240  0 min]
mean_distance    arctan       Russia-Ukraine   seed 0   AUC 0.5602   [22/240  0 min]
mean_distance    arctan       Chinese          seed 0   AUC 0.6762   [23/240  0 min]
mean_distance    arctan       Iran 2025        seed 0   AUC 0.3500   [24/240  0 min]
mean_distance    arccosh      COVID-19         seed 0   AUC 0.6819   [25/240  0 min]
mean_distance    arccosh      Russia-Ukraine   seed 0   AUC 0.6337   [26/240  0 min]
mean_distance    arccosh      Chinese          seed 0   AUC 0.6495   [27/240  0 min]
mean_distance    arccosh      Iran 2025        seed 0   AUC 0.3196   [28/240  0 min]
mean_distance    exponential  COVID-19         seed 0   AUC 0.7039   [29/240  0 min]
mean_distance    exponential  Russia-Ukraine   seed 0   AUC 0.6973   [30/240  0 min]
mean_distance    exponential  Chinese          seed 0   AUC 0.4961   [31/240  0 min]
mean_distance    exponential  Iran 2025        seed 0   AUC 0.4524   [32/240  0 min]
classifier       cosine       COVID-19         seed 0   AUC 0.5927   [33/240  1 min]
classifier       cosine       COVID-19         seed 1   AUC 0.5862   [34/240  1 min]
classifier       cosine       COVID-19         seed 2   AUC 0.5790   [35/240  2 min]
classifier       cosine       Russia-Ukraine   seed 0   AUC 0.6021   [36/240  2 min]
classifier       cosine       Russia-Ukraine   seed 1   AUC 0.5960   [37/240  3 min]
classifier       cosine       Russia-Ukraine   seed 2   AUC 0.5970   [38/240  3 min]
classifier       cosine       Chinese          seed 0   AUC 0.6117   [39/240  3 min]
classifier       cosine       Chinese          seed 1   AUC 0.6158   [40/240  3 min]
classifier       cosine       Chinese          seed 2   AUC 0.6276   [41/240  3 min]
classifier       cosine       Iran 2025        seed 0   AUC 0.5600   [42/240  3 min]
classifier       cosine       Iran 2025        seed 1   AUC 0.5672   [43/240  4 min]
classifier       cosine       Iran 2025        seed 2   AUC 0.5973   [44/240  4 min]
classifier       arctan       COVID-19         seed 0   AUC 0.5481   [45/240  4 min]
classifier       arctan       COVID-19         seed 1   AUC 0.5193   [46/240  4 min]
classifier       arctan       COVID-19         seed 2   AUC 0.5357   [47/240  4 min]
classifier       arctan       Russia-Ukraine   seed 0   AUC 0.3927   [48/240  4 min]
classifier       arctan       Russia-Ukraine   seed 1   AUC 0.4374   [49/240  5 min]
classifier       arctan       Russia-Ukraine   seed 2   AUC 0.4193   [50/240  5 min]
classifier       arctan       Chinese          seed 0   AUC 0.5977   [51/240  5 min]
classifier       arctan       Chinese          seed 1   AUC 0.4894   [52/240  5 min]
classifier       arctan       Chinese          seed 2   AUC 0.5850   [53/240  5 min]
classifier       arctan       Iran 2025        seed 0   AUC 0.4823   [54/240  5 min]
classifier       arctan       Iran 2025        seed 1   AUC 0.5123   [55/240  6 min]
classifier       arctan       Iran 2025        seed 2   AUC 0.4648   [56/240  6 min]
classifier       arccosh      COVID-19         seed 0   AUC 0.5145   [57/240  6 min]
classifier       arccosh      COVID-19         seed 1   AUC 0.5142   [58/240  6 min]
classifier       arccosh      COVID-19         seed 2   AUC 0.4832   [59/240  7 min]
classifier       arccosh      Russia-Ukraine   seed 0   AUC 0.5370   [60/240  7 min]
classifier       arccosh      Russia-Ukraine   seed 1   AUC 0.5866   [61/240  7 min]
classifier       arccosh      Russia-Ukraine   seed 2   AUC 0.5653   [62/240  8 min]
classifier       arccosh      Chinese          seed 0   AUC 0.5269   [63/240  8 min]
classifier       arccosh      Chinese          seed 1   AUC 0.5123   [64/240  8 min]
classifier       arccosh      Chinese          seed 2   AUC 0.5194   [65/240  8 min]
classifier       arccosh      Iran 2025        seed 0   AUC 0.4187   [66/240  9 min]
classifier       arccosh      Iran 2025        seed 1   AUC 0.4883   [67/240  9 min]
classifier       arccosh      Iran 2025        seed 2   AUC 0.4406   [68/240  9 min]
classifier       exponential  COVID-19         seed 0   AUC 0.6367   [69/240  9 min]
classifier       exponential  COVID-19         seed 1   AUC 0.6254   [70/240  10 min]
classifier       exponential  COVID-19         seed 2   AUC 0.6357   [71/240  10 min]
classifier       exponential  Russia-Ukraine   seed 0   AUC 0.6739   [72/240  10 min]
classifier       exponential  Russia-Ukraine   seed 1   AUC 0.6672   [73/240  11 min]
classifier       exponential  Russia-Ukraine   seed 2   AUC 0.6793   [74/240  11 min]
classifier       exponential  Chinese          seed 0   AUC 0.4754   [75/240  11 min]
classifier       exponential  Chinese          seed 1   AUC 0.4802   [76/240  11 min]
classifier       exponential  Chinese          seed 2   AUC 0.4880   [77/240  12 min]
classifier       exponential  Iran 2025        seed 0   AUC 0.6250   [78/240  12 min]
classifier       exponential  Iran 2025        seed 1   AUC 0.6402   [79/240  12 min]
classifier       exponential  Iran 2025        seed 2   AUC 0.6266   [80/240  12 min]
fanogan_compact  cosine       COVID-19         seed 0   AUC 0.7156   [81/240  17 min]
fanogan_compact  cosine       COVID-19         seed 1   AUC 0.7129   [82/240  21 min]
fanogan_compact  cosine       COVID-19         seed 2   AUC 0.7200   [83/240  24 min]
fanogan_compact  cosine       Russia-Ukraine   seed 0   AUC 0.5446   [84/240  28 min]
fanogan_compact  cosine       Russia-Ukraine   seed 1   AUC 0.5467   [85/240  32 min]
fanogan_compact  cosine       Russia-Ukraine   seed 2   AUC 0.5593   [86/240  36 min]
fanogan_compact  cosine       Chinese          seed 0   AUC 0.4268   [87/240  40 min]
fanogan_compact  cosine       Chinese          seed 1   AUC 0.4461   [88/240  43 min]
fanogan_compact  cosine       Chinese          seed 2   AUC 0.4465   [89/240  47 min]
fanogan_compact  cosine       Iran 2025        seed 0   AUC 0.4623   [90/240  51 min]
fanogan_compact  cosine       Iran 2025        seed 1   AUC 0.4391   [91/240  55 min]
fanogan_compact  cosine       Iran 2025        seed 2   AUC 0.4379   [92/240  59 min]
fanogan_compact  arctan       COVID-19         seed 0   AUC 0.6903   [93/240  62 min]
fanogan_compact  arctan       COVID-19         seed 1   AUC 0.5195   [94/240  66 min]
fanogan_compact  arctan       COVID-19         seed 2   AUC 0.5580   [95/240  69 min]
fanogan_compact  arctan       Russia-Ukraine   seed 0   AUC 0.6662   [96/240  72 min]
fanogan_compact  arctan       Russia-Ukraine   seed 1   AUC 0.5889   [97/240  76 min]
fanogan_compact  arctan       Russia-Ukraine   seed 2   AUC 0.5312   [98/240  79 min]
fanogan_compact  arctan       Chinese          seed 0   AUC 0.4931   [99/240  81 min]
fanogan_compact  arctan       Chinese          seed 1   AUC 0.4398   [100/240  84 min]
fanogan_compact  arctan       Chinese          seed 2   AUC 0.5408   [101/240  87 min]
fanogan_compact  arctan       Iran 2025        seed 0   AUC 0.4838   [102/240  90 min]
fanogan_compact  arctan       Iran 2025        seed 1   AUC 0.5269   [103/240  93 min]
fanogan_compact  arctan       Iran 2025        seed 2   AUC 0.4970   [104/240  96 min]
fanogan_compact  arccosh      COVID-19         seed 0   AUC 0.7886   [105/240  100 min]
fanogan_compact  arccosh      COVID-19         seed 1   AUC 0.7349   [106/240  102 min]
fanogan_compact  arccosh      COVID-19         seed 2   AUC 0.7615   [107/240  105 min]
fanogan_compact  arccosh      Russia-Ukraine   seed 0   AUC 0.5324   [108/240  107 min]
fanogan_compact  arccosh      Russia-Ukraine   seed 1   AUC 0.5645   [109/240  110 min]
fanogan_compact  arccosh      Russia-Ukraine   seed 2   AUC 0.5514   [110/240  113 min]
fanogan_compact  arccosh      Chinese          seed 0   AUC 0.4880   [111/240  115 min]
fanogan_compact  arccosh      Chinese          seed 1   AUC 0.4004   [112/240  118 min]
fanogan_compact  arccosh      Chinese          seed 2   AUC 0.4459   [113/240  120 min]
fanogan_compact  arccosh      Iran 2025        seed 0   AUC 0.4238   [114/240  122 min]
fanogan_compact  arccosh      Iran 2025        seed 1   AUC 0.4358   [115/240  124 min]
fanogan_compact  arccosh      Iran 2025        seed 2   AUC 0.4377   [116/240  126 min]
fanogan_compact  exponential  COVID-19         seed 0   AUC 0.6889   [117/240  128 min]
fanogan_compact  exponential  COVID-19         seed 1   AUC 0.6533   [118/240  129 min]
fanogan_compact  exponential  COVID-19         seed 2   AUC 0.6729   [119/240  131 min]
==============================================================================
What each mapping does to the image, before any model sees it
==============================================================================
             phi_min  phi_max  image_min  image_max  range_used  contrast  dphi_low  dphi_high
cosine           0.0    3.142     -1.000        1.0       1.000     0.464    -7.961     -7.961
arctan           0.0    0.785      0.000        1.0       0.500     0.244     0.999      0.516
arccosh          0.0    1.317     -0.874        1.0       0.937     0.421     5.538      0.590
exponential      0.0    3.142     -1.000        1.0       1.000     0.626     1.889      4.813

  the exponential map is the only one whose angular resolution
  rises with the value it encodes (dphi_low to dphi_high), and it
  produces the highest image contrast of the four

published f-AnoGAN  generator 2822465  critic 2756545  encoder 2821856
compact f-AnoGAN    generator 76049  critic 166625  encoder 74064
classifier          1265

1589 windows per mapping, positive rate 0.471, 4 episodes
epochs 20, classifier epochs 20, seeds 3

found 119 earlier rows; continuing
fanogan_compact  exponential  Russia-Ukraine   seed 0   AUC 0.5639   [40/96  1 min]
fanogan_compact  exponential  Russia-Ukraine   seed 1   AUC 0.5754   [41/96  1 min]
fanogan_compact  exponential  Russia-Ukraine   seed 2   AUC 0.5548   [42/96  2 min]
fanogan_compact  exponential  Chinese          seed 0   AUC 0.3959   [43/96  3 min]
fanogan_compact  exponential  Chinese          seed 1   AUC 0.3927   [44/96  4 min]
fanogan_compact  exponential  Chinese          seed 2   AUC 0.3955   [45/96  6 min]
fanogan_compact  exponential  Iran 2025        seed 0   AUC 0.5430   [46/96  9 min]
fanogan_compact  exponential  Iran 2025        seed 1   AUC 0.5435   [47/96  10 min]
fanogan_compact  exponential  Iran 2025        seed 2   AUC 0.5464   [48/96  11 min]
pseudo           cosine       COVID-19         seed 0   AUC 0.6557   [49/96  14 min]
pseudo           cosine       COVID-19         seed 1   AUC 0.6484   [50/96  16 min]
pseudo           cosine       COVID-19         seed 2   AUC 0.6549   [51/96  17 min]
pseudo           cosine       Russia-Ukraine   seed 0   AUC 0.5433   [52/96  18 min]
pseudo           cosine       Russia-Ukraine   seed 1   AUC 0.5350   [53/96  19 min]
pseudo           cosine       Russia-Ukraine   seed 2   AUC 0.5189   [54/96  20 min]
pseudo           cosine       Chinese          seed 0   AUC 0.5256   [55/96  21 min]
pseudo           cosine       Chinese          seed 1   AUC 0.5602   [56/96  21 min]
pseudo           cosine       Chinese          seed 2   AUC 0.5075   [57/96  22 min]
pseudo           cosine       Iran 2025        seed 0   AUC 0.4498   [58/96  23 min]
pseudo           cosine       Iran 2025        seed 1   AUC 0.4463   [59/96  24 min]
pseudo           cosine       Iran 2025        seed 2   AUC 0.4698   [60/96  26 min]
pseudo           arctan       COVID-19         seed 0   AUC 0.5040   [61/96  26 min]
pseudo           arctan       COVID-19         seed 1   AUC 0.5248   [62/96  27 min]
pseudo           arctan       COVID-19         seed 2   AUC 0.4795   [63/96  29 min]
pseudo           arctan       Russia-Ukraine   seed 0   AUC 0.6761   [64/96  30 min]
pseudo           arctan       Russia-Ukraine   seed 1   AUC 0.6577   [65/96  31 min]
pseudo           arctan       Russia-Ukraine   seed 2   AUC 0.5616   [66/96  32 min]
pseudo           arctan       Chinese          seed 0   AUC 0.4141   [67/96  34 min]
pseudo           arctan       Chinese          seed 1   AUC 0.3841   [68/96  35 min]
pseudo           arctan       Chinese          seed 2   AUC 0.3753   [69/96  36 min]
pseudo           arctan       Iran 2025        seed 0   AUC 0.5773   [70/96  37 min]
pseudo           arctan       Iran 2025        seed 1   AUC 0.5677   [71/96  39 min]
pseudo           arctan       Iran 2025        seed 2   AUC 0.4788   [72/96  40 min]
pseudo           arccosh      COVID-19         seed 0   AUC 0.6166   [73/96  41 min]
pseudo           arccosh      COVID-19         seed 1   AUC 0.5234   [74/96  42 min]
pseudo           arccosh      COVID-19         seed 2   AUC 0.5582   [75/96  43 min]
pseudo           arccosh      Russia-Ukraine   seed 0   AUC 0.5461   [76/96  45 min]
pseudo           arccosh      Russia-Ukraine   seed 1   AUC 0.4589   [77/96  46 min]
pseudo           arccosh      Russia-Ukraine   seed 2   AUC 0.5693   [78/96  47 min]
pseudo           arccosh      Chinese          seed 0   AUC 0.4308   [79/96  49 min]
pseudo           arccosh      Chinese          seed 1   AUC 0.3228   [80/96  50 min]
pseudo           arccosh      Chinese          seed 2   AUC 0.3703   [81/96  51 min]
pseudo           arccosh      Iran 2025        seed 0   AUC 0.5097   [82/96  52 min]
pseudo           arccosh      Iran 2025        seed 1   AUC 0.5182   [83/96  54 min]
pseudo           arccosh      Iran 2025        seed 2   AUC 0.4653   [84/96  55 min]
pseudo           exponential  COVID-19         seed 0   AUC 0.7152   [85/96  56 min]
pseudo           exponential  COVID-19         seed 1   AUC 0.6889   [86/96  57 min]
pseudo           exponential  COVID-19         seed 2   AUC 0.6763   [87/96  59 min]
pseudo           exponential  Russia-Ukraine   seed 0   AUC 0.6427   [88/96  60 min]
pseudo           exponential  Russia-Ukraine   seed 1   AUC 0.6357   [89/96  61 min]
pseudo           exponential  Russia-Ukraine   seed 2   AUC 0.5989   [90/96  63 min]
pseudo           exponential  Chinese          seed 0   AUC 0.4043   [91/96  64 min]
pseudo           exponential  Chinese          seed 1   AUC 0.3662   [92/96  65 min]
pseudo           exponential  Chinese          seed 2   AUC 0.3458   [93/96  67 min]
pseudo           exponential  Iran 2025        seed 0   AUC 0.5345   [94/96  68 min]
pseudo           exponential  Iran 2025        seed 1   AUC 0.5266   [95/96  70 min]
pseudo           exponential  Iran 2025        seed 2   AUC 0.4960   [96/96  71 min]

==============================================================================
Mean AUC by arm and mapping, over the held-out episodes and seeds
==============================================================================
mapping          cosine  arctan  arccosh  exponential         best  exp_rank
arm                                                                         
probe            0.5885  0.4981   0.4305       0.5215       cosine         2
mean_distance    0.5499  0.5509   0.5712       0.5874  exponential         1
classifier       0.5944  0.4987   0.5089       0.6045  exponential         1
fanogan_compact  0.5381  0.5446   0.5471       0.5438      arccosh         3
pseudo           0.5429  0.5168   0.4908       0.5526  exponential         1

==============================================================================
Does the ordering agree between the readings?
==============================================================================
  probe            best cosine       exponential ranks 2 of 4 at 0.5215
  mean_distance    best exponential  exponential ranks 1 of 4 at 0.5874
  classifier       best exponential  exponential ranks 1 of 4 at 0.6045
  fanogan_compact  best arccosh      exponential ranks 3 of 4 at 0.5438
  pseudo           best exponential  exponential ranks 1 of 4 at 0.5526

  correlation with image contrast, across the four mappings
    probe            +0.255
    mean_distance    +0.763
    classifier       +0.842
    fanogan_compact  -0.199
    pseudo           +0.597

==============================================================================
Seed spread, which any difference between mappings has to beat
==============================================================================
  classifier       mean standard deviation across seeds 0.0169
  fanogan_compact  mean standard deviation across seeds 0.0245
  pseudo           mean standard deviation across seeds 0.0310

  the pseudo-labels agree with the crash labels on 54.7% of training windows

Output file D:\tadgan_gaf\exponential_gaf\encoding_ablation\output\ablation_results_full.csv
==============================================================================
What each mapping does to the image, before any model sees it
==============================================================================
             phi_min  phi_max  image_min  image_max  range_used  contrast  dphi_low  dphi_high
cosine           0.0    3.142     -1.000        1.0       1.000     0.464    -7.961     -7.961
arctan           0.0    0.785      0.000        1.0       0.500     0.244     0.999      0.516
arccosh          0.0    1.317     -0.874        1.0       0.937     0.421     5.538      0.590
exponential      0.0    3.142     -1.000        1.0       1.000     0.626     1.889      4.813

  the exponential map is the only one whose angular resolution
  rises with the value it encodes (dphi_low to dphi_high), and it
  produces the highest image contrast of the four

published f-AnoGAN  generator 2822465  critic 2756545  encoder 2821856
compact f-AnoGAN    generator 76049  critic 166625  encoder 74064
classifier          1265

1589 windows per mapping, positive rate 0.471, 4 episodes
epochs 20, classifier epochs 20, seeds 3

found 176 earlier rows; continuing
fanogan_paper    cosine       COVID-19         seed 0   AUC 0.6040   [1/48  9 min]
fanogan_paper    cosine       COVID-19         seed 1   AUC 0.6986   [2/48  19 min]
fanogan_paper    cosine       COVID-19         seed 2   AUC 0.7122   [3/48  28 min]
fanogan_paper    cosine       Russia-Ukraine   seed 0   AUC 0.4884   [4/48  38 min]
fanogan_paper    cosine       Russia-Ukraine   seed 1   AUC 0.5039   [5/48  49 min]
fanogan_paper    cosine       Russia-Ukraine   seed 2   AUC 0.5271   [6/48  59 min]
fanogan_paper    cosine       Chinese          seed 0   AUC 0.4239   [7/48  68 min]
fanogan_paper    cosine       Chinese          seed 1   AUC 0.4026   [8/48  77 min]
fanogan_paper    cosine       Chinese          seed 2   AUC 0.3964   [9/48  87 min]
fanogan_paper    cosine       Iran 2025        seed 0   AUC 0.4500   [10/48  97 min]
fanogan_paper    cosine       Iran 2025        seed 1   AUC 0.4126   [11/48  106 min]
fanogan_paper    cosine       Iran 2025        seed 2   AUC 0.4544   [12/48  117 min]
fanogan_paper    arctan       COVID-19         seed 0   AUC 0.6738   [13/48  126 min]
fanogan_paper    arctan       COVID-19         seed 1   AUC 0.6337   [14/48  136 min]
fanogan_paper    arctan       COVID-19         seed 2   AUC 0.6678   [15/48  145 min]
fanogan_paper    arctan       Russia-Ukraine   seed 0   AUC 0.4231   [16/48  155 min]
fanogan_paper    arctan       Russia-Ukraine   seed 1   AUC 0.4154   [17/48  166 min]
fanogan_paper    arctan       Russia-Ukraine   seed 2   AUC 0.4899   [18/48  177 min]
fanogan_paper    arctan       Chinese          seed 0   AUC 0.3860   [19/48  186 min]
fanogan_paper    arctan       Chinese          seed 1   AUC 0.3834   [20/48  195 min]
fanogan_paper    arctan       Chinese          seed 2   AUC 0.4156   [21/48  205 min]
fanogan_paper    arctan       Iran 2025        seed 0   AUC 0.4016   [22/48  215 min]
fanogan_paper    arctan       Iran 2025        seed 1   AUC 0.3909   [23/48  225 min]
fanogan_paper    arctan       Iran 2025        seed 2   AUC 0.4167   [24/48  235 min]
fanogan_paper    arccosh      COVID-19         seed 0   AUC 0.7335   [25/48  244 min]
fanogan_paper    arccosh      COVID-19         seed 1   AUC 0.7587   [26/48  254 min]
fanogan_paper    arccosh      COVID-19         seed 2   AUC 0.5969   [27/48  263 min]
fanogan_paper    arccosh      Russia-Ukraine   seed 0   AUC 0.4638   [28/48  274 min]
fanogan_paper    arccosh      Russia-Ukraine   seed 1   AUC 0.4909   [29/48  284 min]
fanogan_paper    arccosh      Russia-Ukraine   seed 2   AUC 0.4137   [30/48  294 min]
fanogan_paper    arccosh      Chinese          seed 0   AUC 0.3554   [31/48  304 min]
fanogan_paper    arccosh      Chinese          seed 1   AUC 0.3789   [32/48  313 min]
fanogan_paper    arccosh      Chinese          seed 2   AUC 0.5110   [33/48  322 min]
fanogan_paper    arccosh      Iran 2025        seed 0   AUC 0.4685   [34/48  332 min]
fanogan_paper    arccosh      Iran 2025        seed 1   AUC 0.4778   [35/48  342 min]
fanogan_paper    arccosh      Iran 2025        seed 2   AUC 0.4057   [36/48  349 min]
ALLDONE
==============================================================================
What each mapping does to the image, before any model sees it
==============================================================================
             phi_min  phi_max  image_min  image_max  range_used  contrast  dphi_low  dphi_high
cosine           0.0    3.142     -1.000        1.0       1.000     0.464    -7.961     -7.961
arctan           0.0    0.785      0.000        1.0       0.500     0.244     0.999      0.516
arccosh          0.0    1.317     -0.874        1.0       0.937     0.421     5.538      0.590
exponential      0.0    3.142     -1.000        1.0       1.000     0.626     1.889      4.813

  the exponential map is the only one whose angular resolution
  rises with the value it encodes (dphi_low to dphi_high), and it
  produces the highest image contrast of the four

published f-AnoGAN  generator 2822465  critic 2756545  encoder 2821856
compact f-AnoGAN    generator 76049  critic 166625  encoder 74064
classifier          1265

1589 windows per mapping, positive rate 0.471, 4 episodes
epochs 20, classifier epochs 20, seeds 3

found 212 earlier rows; continuing
fanogan_paper    exponential  COVID-19         seed 0   AUC 0.4770   [37/48  11 min]
fanogan_paper    exponential  COVID-19         seed 1   AUC 0.5179   [38/48  22 min]
fanogan_paper    exponential  COVID-19         seed 2   AUC 0.6073   [39/48  30 min]
fanogan_paper    exponential  Russia-Ukraine   seed 0   AUC 0.4030   [40/48  39 min]
fanogan_paper    exponential  Russia-Ukraine   seed 1   AUC 0.4355   [41/48  48 min]
fanogan_paper    exponential  Russia-Ukraine   seed 2   AUC 0.4396   [42/48  58 min]
fanogan_paper    exponential  Chinese          seed 0   AUC 0.4366   [43/48  66 min]
fanogan_paper    exponential  Chinese          seed 1   AUC 0.4451   [44/48  73 min]
fanogan_paper    exponential  Chinese          seed 2   AUC 0.3999   [45/48  79 min]
fanogan_paper    exponential  Iran 2025        seed 0   AUC 0.4392   [46/48  87 min]
fanogan_paper    exponential  Iran 2025        seed 1   AUC 0.4446   [47/48  94 min]
fanogan_paper    exponential  Iran 2025        seed 2   AUC 0.4925   [48/48  101 min]

==============================================================================
Mean AUC by arm and mapping, over the held-out episodes and seeds
==============================================================================
mapping          cosine  arctan  arccosh  exponential         best  exp_rank
arm                                                                         
probe            0.5885  0.4981   0.4305       0.5215       cosine         2
mean_distance    0.5499  0.5509   0.5712       0.5874  exponential         1
classifier       0.5944  0.4987   0.5089       0.6045  exponential         1
fanogan_paper    0.5062  0.4748   0.5046       0.4615       cosine         4
fanogan_compact  0.5381  0.5446   0.5471       0.5438      arccosh         3
pseudo           0.5429  0.5168   0.4908       0.5526  exponential         1

==============================================================================
Does the ordering agree between the readings?
==============================================================================
  probe            best cosine       exponential ranks 2 of 4 at 0.5215
  mean_distance    best exponential  exponential ranks 1 of 4 at 0.5874
  classifier       best exponential  exponential ranks 1 of 4 at 0.6045
  fanogan_paper    best cosine       exponential ranks 4 of 4 at 0.4615
  fanogan_compact  best arccosh      exponential ranks 3 of 4 at 0.5438
  pseudo           best exponential  exponential ranks 1 of 4 at 0.5526

  correlation with image contrast, across the four mappings
    probe            +0.255
    mean_distance    +0.763
    classifier       +0.842
    fanogan_paper    -0.213
    fanogan_compact  -0.199
    pseudo           +0.597

==============================================================================
Seed spread, which any difference between mappings has to beat
==============================================================================
  classifier       mean standard deviation across seeds 0.0169
  fanogan_paper    mean standard deviation across seeds 0.0374
  fanogan_compact  mean standard deviation across seeds 0.0245
  pseudo           mean standard deviation across seeds 0.0310

  the pseudo-labels agree with the crash labels on 54.7% of training windows

Output file D:\tadgan_gaf\exponential_gaf\encoding_ablation\output\ablation_results_full.csv
ABLATION_DONE
